$ astro build
01:15:53 [types] Generated 64ms
01:15:53 [build] output: "server"
01:15:53 [build] mode: "server"
01:15:53 [build] directory: /home/mblanc/workspaces/taekwondo/fechitat/apps/website/dist/
01:15:53 [build] adapter: @astrojs/vercel
01:15:53 [build] Collecting build info...
01:15:53 [build] ✓ Completed in 199ms.
01:15:53 [build] Building server entrypoints...
01:15:54 [vite] ✓ built in 598ms
01:15:54 [vite] ✓ built in 339ms
01:15:55 [vite] ✓ built in 127ms

 prerendering static routes 
The default export of @sanity/image-url has been deprecated. Use the named export `createImageUrlBuilder` instead.
01:15:55   ├─ /blog/defensa-personal-taekwondo/index.html (+117ms) 
01:15:55   ├─ /blog/resultados-nacional-2024/index.html (+86ms) 
01:15:55   ├─ /blog/index.html (+230ms) 
01:15:56   ├─ /escuelas/sipjin-coquimbo/index.html (+25ms) 
01:15:56   ├─ /escuelas/espiritu-indomable/index.html (+7ms) 
01:15:56   ├─ /escuelas/pyujeon-kwan/index.html (+7ms) 
01:15:56   ├─ /escuelas/quauhtli/index.html (+6ms) 
01:15:56   ├─ /escuelas/silla-la-serena/index.html (+7ms) 
01:15:56   ├─ /escuelas/silla-santiago/index.html (+10ms) 
01:15:56   ├─ /escuelas/kings-tkd/index.html (+5ms) 
01:15:56   ├─ /escuelas/pyujeon-kwan-iquique/index.html (+5ms) 
01:15:56   ├─ /escuelas/espiritu-de-honor/index.html (+13ms) 
01:15:56   ├─ /escuelas/jung-do-kwan-ovalle/index.html (+7ms) 
01:15:56   ├─ /escuelas/quauhtli-guanaqueros/index.html (+7ms) 
01:15:56   ├─ /escuelas/silla-coquimbo/index.html (+7ms) 
01:15:56   ├─ /escuelas/so-san-do/index.html (+6ms) 
01:15:56   ├─ /escuelas/universidad-del-alba/index.html (+4ms) 
01:15:56   ├─ /escuelas/index.html (+145ms) 
01:15:56   ├─ /estudio/index.html (+331ms) 
01:15:56   ├─ /eventos/index.html (+569ms) 
01:15:57   ├─ /examen/index.html (+398ms) 
01:15:57   ├─ /federacion/documentos/index.html (+404ms) 
01:15:58   ├─ /federacion/index.html (+541ms) 
01:15:58   ├─ /jovenes/index.html (+6ms) 
01:15:58   ├─ /padres/index.html (+357ms) 
01:15:59   ├─ /index.html (+322ms) 
01:15:59 ✓ Completed in 4.24s.

 generating optimized images 
01:15:59   ▶ /_astro/hero.CupIaKDk_Z1JdDlA.webp (reused cache entry) (+1ms) (1/1)
01:15:59 ✓ Completed in 3ms.

01:15:59 [build] Rearranging server assets...
01:15:59 [build] ✓ Completed in 5.42s.
01:15:59 [@astrojs/vercel] Bundling function ../../../../dist/server/entry.mjs
01:16:02 [@astrojs/sitemap] `sitemap-index.xml` created at `dist/client`
01:16:02 [@astrojs/vercel] Copying static files to .vercel/output/static
01:16:02 [build] Server built in 8.57s
01:16:02 [build] Complete!
